C 0.99826008 -0.00246000 -0.00436000
H 2.09021016 -0.00243000 0.00414000
H 0.63379005 1.02686007 0.00414000
H 0.62704006 -0.52773003 0.87811010
H 0.64136006 -0.50747003 -0.90540005
