C -4.577500 -2.027000 0.000100
C -3.170600 -2.027000 0.000100
O -2.503900 -0.800400 0.000100
O -3.258000 0.374300 -0.000100
O -4.661200 0.271500 -2.000300
O -5.320700 -0.903400 -2.000100
H -4.661200 0.271500 -4.000300
H -5.320700 -0.903400 -5.000100
H -5.320700 -0.903400 -6.000100